17:38:33 | ============================================================
17:38:33 | predict.py — +ALL | streaming from disk | train+predict
17:38:33 |   Train chrs : [1, 2, 4, 5, 6, 7, 8, 9, 11, 12, 13, 14, 15, 16, 18, 19, 20, 21, 22]
17:38:33 |   Pred chrs  : [3, 10, 17]
17:38:33 |   IN_CH      : 9  (DNA + ATAC + METH + PWM)
17:38:33 |   DEVICE     : cuda
17:38:33 | ============================================================
17:38:34 | 
Training +ALL | in_ch=9 | 19 chromosomes | DEVICE=cuda
17:38:34 | EPOCHS=20 | PATIENCE=5 | NEG_RATIO=5
17:38:34 | Memory mode: streaming from disk — one chromosome at a time
18:03:04 | Epoch 01/20 | loss=0.0473 | lr=0.000298
18:03:04 |   New best — checkpoint saved
18:27:31 | Epoch 02/20 | loss=0.0452 | lr=0.000293
18:27:31 |   New best — checkpoint saved
18:51:57 | Epoch 03/20 | loss=0.0449 | lr=0.000284
18:51:57 |   New best — checkpoint saved
19:16:24 | Epoch 04/20 | loss=0.0447 | lr=0.000271
19:16:24 |   New best — checkpoint saved
19:40:55 | Epoch 05/20 | loss=0.0445 | lr=0.000256
19:40:55 |   New best — checkpoint saved
20:05:18 | Epoch 06/20 | loss=0.0445 | lr=0.000238
20:05:18 |   No improvement (1/5)
20:29:44 | Epoch 07/20 | loss=0.0443 | lr=0.000218
20:29:44 |   New best — checkpoint saved
20:54:08 | Epoch 08/20 | loss=0.0442 | lr=0.000196
20:54:08 |   New best — checkpoint saved
21:18:32 | Epoch 09/20 | loss=0.0442 | lr=0.000173
21:18:32 |   New best — checkpoint saved
21:42:58 | Epoch 10/20 | loss=0.0440 | lr=0.000150
21:42:58 |   New best — checkpoint saved
22:07:28 | Epoch 11/20 | loss=0.0440 | lr=0.000127
22:07:28 |   New best — checkpoint saved
22:31:52 | Epoch 12/20 | loss=0.0439 | lr=0.000104
22:31:52 |   New best — checkpoint saved
22:56:19 | Epoch 13/20 | loss=0.0439 | lr=0.000082
22:56:19 |   New best — checkpoint saved
23:20:47 | Epoch 14/20 | loss=0.0438 | lr=0.000062
23:20:47 |   New best — checkpoint saved
23:45:14 | Epoch 15/20 | loss=0.0436 | lr=0.000044
23:45:14 |   New best — checkpoint saved
00:09:48 | Epoch 16/20 | loss=0.0435 | lr=0.000029
00:09:48 |   New best — checkpoint saved
00:34:22 | Epoch 17/20 | loss=0.0434 | lr=0.000016
00:34:22 |   New best — checkpoint saved
00:58:52 | Epoch 18/20 | loss=0.0434 | lr=0.000007
00:58:52 |   New best — checkpoint saved
01:23:22 | Epoch 19/20 | loss=0.0433 | lr=0.000002
01:23:22 |   New best — checkpoint saved
01:47:46 | Epoch 20/20 | loss=0.0434 | lr=0.000000
01:47:46 |   No improvement (1/5)
01:47:46 | Best train loss: 0.0433
01:47:46 | Loss curve → predictions/loss_curve.png
01:47:46 | 
Predicting on chromosomes [3, 10, 17]...
01:47:46 | 
chr3:
01:47:47 |   chr3: 307,939 bins
01:50:07 |     CTCF: min=0.1178  max=0.9190  mean=0.1983  >0.5: 2,107 / 307,939
01:50:07 |     REST: min=0.0843  max=0.8340  mean=0.1712  >0.5: 682 / 307,939
01:50:07 |     EP300: min=0.0348  max=0.5587  mean=0.1249  >0.5: 201 / 307,939
01:50:11 |   Saved → predictions/chr3_predictions.tsv.gz
01:50:11 | 
chr10:
01:50:11 |   chr10: 212,978 bins
01:51:48 |     CTCF: min=0.1176  max=0.9225  mean=0.2076  >0.5: 1,661 / 212,978
01:51:48 |     REST: min=0.0845  max=0.8343  mean=0.1808  >0.5: 593 / 212,978
01:51:48 |     EP300: min=0.0349  max=0.5565  mean=0.1297  >0.5: 158 / 212,978
01:51:51 |   Saved → predictions/chr10_predictions.tsv.gz
01:51:51 | 
chr17:
01:51:51 |   chr17: 122,530 bins
01:52:47 |     CTCF: min=0.1207  max=0.9203  mean=0.2300  >0.5: 1,729 / 122,530
01:52:47 |     REST: min=0.0854  max=0.8352  mean=0.2011  >0.5: 693 / 122,530
01:52:47 |     EP300: min=0.0338  max=0.5477  mean=0.1374  >0.5: 139 / 122,530
01:52:49 |   Saved → predictions/chr17_predictions.tsv.gz
01:52:50 | Prediction distributions → predictions/pred_distributions.png
01:52:50 | 
============================================================
01:52:50 | Done.
01:52:50 |   Predictions → predictions/
01:52:50 |   Checkpoint  → models/checkpoints/retrained_model.pt
01:52:50 |   Log         → predictions/predict.log
01:52:50 | ============================================================
